
> @workspace/api-server@0.0.0 dev D:\Markaz\Aslam Portfolio\Aslams-Baig-Portfolio\artifacts\api-server
> cross-env NODE_ENV=development tsx watch src/index.ts

[01:26:23.610] [31mERROR[39m (10308): [36mError listening on port[39m
    err: {
      "type": "Error",
      "message": "listen EADDRINUSE: address already in use :::8790",
      "stack":
          Error: listen EADDRINUSE: address already in use :::8790
              at Server.setupListenHandle [as _listen2] (node:net:1939:16)
              at listenInCluster (node:net:1996:12)
              at Server.listen (node:net:2101:7)
              at Function.listen (D:\Markaz\Aslam Portfolio\Aslams-Baig-Portfolio\node_modules\.pnpm\express@5.2.1\node_modules\express\lib\application.js:605:24)
              at <anonymous> (D:\Markaz\Aslam Portfolio\Aslams-Baig-Portfolio\artifacts\api-server\src\index.ts:21:7)
              at ModuleJob.run (node:internal/modules/esm/module_job:274:25)
              at async onImport.tracePromise.__proto__ (node:internal/modules/esm/loader:644:26)
              at async asyncRunEntryPointWithESMLoader (node:internal/modules/run_main:98:5)
      "code": "EADDRINUSE",
      "errno": -4091,
      "syscall": "listen",
      "address": "::",
      "port": 8790
    }
1:26:52 am [tsx] change in ./src\app.ts Rerunning...
c[01:26:54.526] [31mERROR[39m (15508): [36mError listening on port[39m
    err: {
      "type": "Error",
      "message": "listen EADDRINUSE: address already in use :::8790",
      "stack":
          Error: listen EADDRINUSE: address already in use :::8790
              at Server.setupListenHandle [as _listen2] (node:net:1939:16)
              at listenInCluster (node:net:1996:12)
              at Server.listen (node:net:2101:7)
              at Function.listen (D:\Markaz\Aslam Portfolio\Aslams-Baig-Portfolio\node_modules\.pnpm\express@5.2.1\node_modules\express\lib\application.js:605:24)
              at <anonymous> (D:\Markaz\Aslam Portfolio\Aslams-Baig-Portfolio\artifacts\api-server\src\index.ts:21:7)
              at ModuleJob.run (node:internal/modules/esm/module_job:274:25)
              at async onImport.tracePromise.__proto__ (node:internal/modules/esm/loader:644:26)
              at async asyncRunEntryPointWithESMLoader (node:internal/modules/run_main:98:5)
      "code": "EADDRINUSE",
      "errno": -4091,
      "syscall": "listen",
      "address": "::",
      "port": 8790
    }
